../Core/Src/main.c:59:6:delay	24	static
../Core/Src/main.c:87:6:Check_Button	16	static
../Core/Src/main.c:101:6:Spark	16	static
../Core/Src/main.c:118:6:mode_0	8	static
../Core/Src/main.c:124:6:mode_1	16	static
../Core/Src/main.c:142:6:mode_2	16	static
../Core/Src/main.c:159:6:mode_3	16	static
../Core/Src/main.c:182:5:main	8	static
../Core/Src/main.c:229:6:SystemClock_Config	88	static
../Core/Src/main.c:271:13:MX_CAN2_Init	8	static
../Core/Src/main.c:308:13:MX_GPIO_Init	48	static
../Core/Src/main.c:344:6:Error_Handler	4	static,ignoring_inline_asm
