../Core/Src/main.c:103:6:Check_Button	16	static
../Core/Src/main.c:117:6:Spark	16	static
../Core/Src/main.c:146:6:mode	32	static
../Core/Src/main.c:180:6:mode_0	8	static
../Core/Src/main.c:186:6:mode_1	16	static
../Core/Src/main.c:204:6:mode_2	16	static
../Core/Src/main.c:221:6:mode_3	16	static
../Core/Src/main.c:238:6:setmode	16	static
../Core/Src/main.c:259:6:process_command	104	static
../Core/Src/main.c:324:9:count_char	24	static
../Core/Src/main.c:343:5:main	48	static
../Core/Src/main.c:418:6:SystemClock_Config	88	static
../Core/Src/main.c:463:6:Error_Handler	4	static,ignoring_inline_asm
